
> app@0.1.0 build
> next build

npm : ΓÜá Warning: 
Next.js inferred 
your workspace 
root, but it may 
not be correct.
At line:1 char:1
+ npm run build > 
build_output.txt 
2>&1
+ ~~~~~~~~~~~~~~~~~~
~~~~~~~~~~~~~~~~~~~
    + CategoryInfo  
            : 
NotSpe    cified: 
(ΓÜá War    ning: 
Ne...not b    e 
correct.:Strin    
g) [], RemoteExc    
eption
    + 
FullyQualified    
ErrorId : Native    
CommandError
 
 We detected 
multiple lockfiles 
and selected the 
directory of C:\User
s\dell\package-lock.
json as the root 
directory.
 To silence this 
warning, set 
`turbopack.root` in 
your Next.js 
config, or consider 
removing one of the 
lockfiles if it's 
not needed.
   See https://nextj
s.org/docs/app/api-r
eference/config/next
-config-js/turbopack
#root-directory for 
more information.
 Detected 
additional 
lockfiles: 
   * C:\Users\dell\D
ownloads\app\app\pac
kage-lock.json

Γû▓ Next.js 16.2.1 (Turbopack)

  Creating an optimized production build ...
Γ£ô Compiled successfully in 12.4s
  Running TypeScript ...
Failed to type 
check.

./app/dashboard/comp
ute/page.tsx:30:33
Type error: 
Argument of type '{ 
service: string; 
message: string; }' 
is not assignable 
to parameter of 
type 'SetStateAction
<string | null>'.

  [90m28 |[0m     
  [36mtry[0m {
  [90m29 |[0m     
    [36mconst[0m 
res = 
[36mawait[0m getId
leEC2Instances()
[31m[1m>[0m 
[90m30 |[0m       
  [36mif[0m 
(res.error) 
setError(res.error)
  [90m   |[0m     
                    
        
[31m[1m^[0m
  [90m31 |[0m     
    [36mif[0m 
(res.data) 
setData(res.data)
  [90m32 |[0m     
  } [36mcatch[0m 
(err: any) {
  [90m33 |[0m     
    setError(err.mes
sage || 
[32m"Failed to 
load compute 
data"[0m)
Next.js build 
worker exited with 
code: 1 and signal: 
null
